mode: set
octotify/internal/middleware/error_handler.go:14.55,15.30 1 0
octotify/internal/middleware/error_handler.go:15.30,18.25 2 0
octotify/internal/middleware/error_handler.go:18.25,20.4 1 0
octotify/internal/middleware/error_handler.go:22.3,25.30 3 0
octotify/internal/middleware/error_handler.go:25.30,26.29 1 0
octotify/internal/middleware/error_handler.go:26.29,35.5 2 0
octotify/internal/middleware/error_handler.go:36.4,37.10 2 0
octotify/internal/middleware/error_handler.go:40.3,46.76 3 0
octotify/internal/middleware/jwt_auth.go:20.57,21.30 1 0
octotify/internal/middleware/jwt_auth.go:21.30,24.23 2 0
octotify/internal/middleware/jwt_auth.go:24.23,28.4 3 0
octotify/internal/middleware/jwt_auth.go:31.3,32.46 2 0
octotify/internal/middleware/jwt_auth.go:32.46,36.4 3 0
octotify/internal/middleware/jwt_auth.go:38.3,42.17 3 0
octotify/internal/middleware/jwt_auth.go:42.17,46.4 3 0
octotify/internal/middleware/jwt_auth.go:49.3,49.30 1 0
octotify/internal/middleware/jwt_auth.go:49.30,53.4 3 0
octotify/internal/middleware/jwt_auth.go:56.3,57.11 2 0
octotify/internal/middleware/recovery.go:15.57,16.30 1 0
octotify/internal/middleware/recovery.go:16.30,17.16 1 0
octotify/internal/middleware/recovery.go:17.16,18.32 1 0
octotify/internal/middleware/recovery.go:18.32,31.5 4 0
octotify/internal/middleware/recovery.go:33.3,33.11 1 0
octotify/internal/middleware/request_id.go:11.34,12.30 1 0
octotify/internal/middleware/request_id.go:12.30,14.16 2 0
octotify/internal/middleware/request_id.go:14.16,16.18 2 0
octotify/internal/middleware/request_id.go:16.18,18.5 1 0
octotify/internal/middleware/request_id.go:19.4,19.49 1 0
octotify/internal/middleware/request_id.go:21.3,23.11 3 0
octotify/internal/middleware/request_logger.go:20.55,23.2 2 0
octotify/internal/middleware/request_logger.go:26.61,29.2 2 0
octotify/internal/middleware/request_logger.go:34.72,35.30 1 0
octotify/internal/middleware/request_logger.go:35.30,39.35 3 0
octotify/internal/middleware/request_logger.go:39.35,41.4 1 0
octotify/internal/middleware/request_logger.go:43.3,43.57 1 0
octotify/internal/middleware/request_logger.go:43.57,46.4 2 0
octotify/internal/middleware/request_logger.go:48.3,60.4 5 0
octotify/internal/middleware/request_logger.go:65.95,69.16 3 0
octotify/internal/middleware/request_logger.go:69.16,71.3 1 0
octotify/internal/middleware/request_logger.go:72.2,75.37 3 0
octotify/internal/middleware/request_logger.go:75.37,77.3 1 0
octotify/internal/middleware/request_logger.go:79.2,91.32 7 0
octotify/internal/middleware/request_logger.go:91.32,93.3 1 0
octotify/internal/middleware/request_logger.go:95.2,102.14 4 0
octotify/internal/middleware/request_logger.go:102.14,104.3 1 0
octotify/internal/middleware/request_logger.go:106.2,116.3 1 0
octotify/internal/middleware/stepup_auth.go:22.62,23.30 1 1
octotify/internal/middleware/stepup_auth.go:23.30,26.14 2 1
octotify/internal/middleware/stepup_auth.go:26.14,30.4 3 1
octotify/internal/middleware/stepup_auth.go:32.3,33.10 2 1
octotify/internal/middleware/stepup_auth.go:33.10,37.4 3 1
octotify/internal/middleware/stepup_auth.go:39.3,40.17 2 1
octotify/internal/middleware/stepup_auth.go:40.17,44.4 3 1
octotify/internal/middleware/stepup_auth.go:47.3,50.48 2 1
octotify/internal/middleware/stepup_auth.go:50.48,54.4 3 1
octotify/internal/middleware/stepup_auth.go:57.3,57.77 1 1
octotify/internal/middleware/stepup_auth.go:57.77,61.4 3 1
octotify/internal/middleware/stepup_auth.go:64.3,65.11 2 1
